// Jest Snapshot v1, https://goo.gl/fbAQLP

exports[`should render EditExpensePage 1`] = `
<div>
<<<<<<< HEAD
  <ExpenseForm
    expense={
      Object {
        "amount": 4500,
        "createdAt": 345600000,
        "description": "Credit Card",
        "id": "3",
        "note": "",
      }
    }
    onSubmit={[Function]}
  />
  <button
    onClick={[Function]}
  >
    Remove
  </button>
=======
  <div
    className="page-header"
  >
    <div
      className="content-container"
    >
      <h1
        className="page-header__title"
      >
        Edit Expense
      </h1>
    </div>
  </div>
  <div
    className="content-container"
  >
    <ExpenseForm
      expense={
        Object {
          "amount": 4500,
          "createdAt": 345600000,
          "description": "Credit Card",
          "id": "3",
          "note": "",
        }
      }
      onSubmit={[Function]}
    />
    <button
      className="button button--secondary"
      onClick={[Function]}
    >
      Remove Expense
    </button>
  </div>
>>>>>>> 314442f1bb91add33cd0a720d0a80d9dd71895d8
</div>
`;
