// Jest Snapshot v1, https://goo.gl/fbAQLP

exports[`should render ExpenseListItem correctly 1`] = `
<Link
  className="list-item"
  replace={false}
  to="/edit/1"
>
  <div>
    <h3
      className="list-item__title"
    >
      Gum
    </h3>
    <span
      className="list-item__sub-title"
    >
      January 1st, 1970
    </span>
  </div>
  <h3
    className="list-item__data"
  >
    $1.95
<<<<<<< HEAD
    -
    January 1st, 1970
  </p>
</div>
=======
  </h3>
</Link>
>>>>>>> 314442f1bb91add33cd0a720d0a80d9dd71895d8
`;
