// Jest Snapshot v1, https://goo.gl/fbAQLP

exports[`should render LoginPage 1`] = `
<div>
  <h3>
    Login section
  </h3>
  <button>
    Login
  </button>
</div>
`;
